// Jest Snapshot v1, https://goo.gl/fbAQLP

exports[`it should match the snapshot and render 1`] = `
<div>
  <div
    class="sc-6defc456-0 jICFgj"
  >
    <form>
      <section
        class="sc-6defc456-5 gBTBYM"
      >
        <label
          class="sc-6defc456-7 fNcIQY"
          for="email"
          required=""
        >
          Your email
        </label>
        <input
          class="sc-6defc456-2 kvdUAp"
          data-testid="input-email"
          id="email"
          name="email"
          placeholder="Enter your email address"
        />
      </section>
      <section
        class="sc-6defc456-5 gBTBYM"
      >
        <label
          class="sc-6defc456-7 bEbuLm"
        >
          I'm interested in 
          <select
            class="sc-6defc456-3 ddjiAW"
            data-testid="select-category"
            name="interestCategory"
          >
            <option
              disabled=""
              selected=""
              value="default"
            >
              choose a category
            </option>
            <option
              value="shoes"
            >
              Shoes
            </option>
            <option
              value="heels"
            >
              Heels
            </option>
            <option
              value="sandles"
            >
              Sandles
            </option>
            <option
              value="handbags"
            >
              Handbags
            </option>
          </select>
        </label>
      </section>
      <section
        class="sc-6defc456-5 gBTBYM"
      >
        <input
          data-testid="checkbox-terms"
          id="terms"
          name="terms"
          type="checkbox"
        />
        <label
          class="sc-6defc456-7 fNcIQY"
          for="terms"
          required=""
        >
          I agree to the 
          <a
            class="sc-6defc456-1 femBoP"
            href="#"
          >
            terms and conditions
          </a>
        </label>
      </section>
      <button
        class="sc-6defc456-4 bBEfWK"
        data-testid="button-submit"
        type="submit"
      >
        Subscribe
      </button>
    </form>
  </div>
</div>
`;
