// Jest Snapshot v1, https://goo.gl/fbAQLP

exports[`it should match the snapshot and render 1`] = `
<div>
  <div
    class="sc-5e85a691-0 iWrDWg"
  >
    <form>
      <section
        class="sc-5e85a691-5 eqjmCP"
      >
        <label
          class="sc-5e85a691-7 enlDdX"
          for="email"
          required=""
        >
          Your email
        </label>
        <input
          class="sc-5e85a691-2 iVykXC"
          data-testid="input-email"
          id="email"
          name="email"
          placeholder="Enter your email address"
        />
      </section>
      <section
        class="sc-5e85a691-5 eqjmCP"
      >
        <label
          class="sc-5e85a691-7 URfRR"
        >
          I'm interested in 
          <select
            class="sc-5e85a691-3 laqGYO"
            data-testid="select-category"
            name="interestCategory"
          >
            <option
              disabled=""
              selected=""
              value="default"
            >
              choose a category
            </option>
            <option
              value="Film 1"
            >
              Film 1
            </option>
            <option
              value="Film 2"
            >
              Film 2
            </option>
            <option
              value="shoes"
            >
              Shoes
            </option>
            <option
              value="heels"
            >
              Heels
            </option>
            <option
              value="sandles"
            >
              Sandles
            </option>
            <option
              value="handbags"
            >
              Handbags
            </option>
          </select>
        </label>
      </section>
      <section
        class="sc-5e85a691-5 eqjmCP"
      >
        <input
          data-testid="checkbox-terms"
          id="terms"
          name="terms"
          type="checkbox"
        />
        <label
          class="sc-5e85a691-7 enlDdX"
          for="terms"
          required=""
        >
          I agree to the 
          <a
            class="sc-5e85a691-1 dAQgco"
            href="#"
          >
            terms and conditions
          </a>
        </label>
      </section>
      <button
        class="sc-5e85a691-4 LHkNh"
        data-testid="button-submit"
        type="submit"
      >
        Subscribe
      </button>
    </form>
  </div>
</div>
`;
